<5>Linux version 2.6.21-ezxdev (wyrm@vault) (gcc version 4.1.1) #222 PREEMPT Tue May 8 15:19:34 BRT 2007
<4>CPU: XScale-PXA270 [69054117] revision 7 (ARMv5TE), cr=0000397f
<4>Machine: Motorola Ezx Platform
<4>Memory policy: ECC disabled, Data cache writeback
<7>On node 0 totalpages: 12288
<7>  DMA zone: 416 pages used for memmap
<7>  DMA zone: 0 pages reserved
<7>  DMA zone: 11872 pages, LIFO batch:1
<7>  Normal zone: 0 pages used for memmap
<6>Run Mode clock: 195.00MHz (*15)
<6>Turbo Mode clock: 292.50MHz (*1.5, active)
<6>Memory clock: 195.00MHz (/2)
<6>System bus clock: 195.00MHz 
<4>CPU0: D VIVT undefined 5 cache
<4>CPU0: I cache: 32768 bytes, associativity 32, 32 byte lines, 32 sets
<4>CPU0: D cache: 32768 bytes, associativity 32, 32 byte lines, 32 sets
<4>Built 1 zonelists.  Total pages: 11872
<5>Kernel command line: console=tty1 noinitrd root=/dev/mmcblk0p2 rootfstype=ext3 ip=169.254.1.11:169.254.1.10:169.254.1.10:255.255.255.254:ezx:usb0:off debug mem=32M@0xA0000000 mem=16M@0xAC000000
<4>PID hash table entries: 256 (order: 8, 1024 bytes)
<4>Console: colour dummy device 80x30
<4>Dentry cache hash table entries: 8192 (order: 3, 32768 bytes)
<4>Inode-cache hash table entries: 4096 (order: 2, 16384 bytes)
<6>Memory: 32MB 16MB = 48MB total
<5>Memory: 46084KB available (2264K code, 217K data, 84K init)
<7>Calibrating delay loop... 291.63 BogoMIPS (lpj=1458176)
<4>Mount-cache hash table entries: 512
<6>CPU: Testing write buffer coherency: ok
<6>NET: Registered protocol family 16
<6>usbcore: registered new interface driver usbfs
<6>usbcore: registered new interface driver hub
<6>usbcore: registered new device driver usb
<6>Time: pxa_timer clocksource has been installed.
<6>NET: Registered protocol family 2
<4>IP route cache hash table entries: 1024 (order: 0, 4096 bytes)
<4>TCP established hash table entries: 2048 (order: 2, 16384 bytes)
<4>TCP bind hash table entries: 2048 (order: 1, 8192 bytes)
<6>TCP: Hash tables configured (established 2048 bind 2048)
<6>TCP reno registered
<4>bp handshake entered!
<4>ezx-bp: handshake step 2
<4>BP rdy irq
<4>bp handshake entered!
<5>ezx-bp: handshake passed
<4>ezx-pcap: ssp driver registered
<6>io scheduler noop registered
<6>io scheduler deadline registered (default)
<4>pxa2xx-fb pxa2xx-fb: machine LCCR0 setting contains illegal bits: 00200878
<4>pxa2xx-fb pxa2xx-fb: machine LCCR3 setting contains illegal bits: 00300008
<4>Console: switching to colour frame buffer device 60x53
<6>usbcore: registered new interface driver usb ipc
<6>drivers/char/ts0710_mux_usb.c: USB Host(Bulverde) IPC driver registered.
<6>drivers/char/ts0710_mux_usb.c: 1.0alpha1:USB IPC Driver (TS07.10 lowlevel)
<6>pxa2xx-uart.0: ttyS0 at MMIO 0x40100000 (irq = 22) is a FFUART
<6>pxa2xx-uart.1: ttyS1 at MMIO 0x40200000 (irq = 21) is a BTUART
<6>pxa2xx-uart.2: ttyS2 at MMIO 0x40700000 (irq = 20) is a STUART
<7>ohci_hcd: 2006 August 04 USB 1.1 'Open' Host Controller (OHCI) Driver
<6>pxa27x-ohci pxa27x-ohci: PXA27x OHCI
<6>pxa27x-ohci pxa27x-ohci: new USB bus registered, assigned bus number 1
<6>pxa27x-ohci pxa27x-ohci: irq 3, io mem 0x4c000000
<6>usb usb1: configuration #1 chosen from 1 choice
<6>hub 1-0:1.0: USB hub found
<6>hub 1-0:1.0: 3 ports detected
<6>pxa27x_udc: version 08-Feb-2007
<5>USB cmd disconnect
<5>USB cmd disconnect
<4>ether gadget: using random self ethernet address
<4>ether gadget: using random host ethernet address
<6>usb0: Ethernet Gadget, version: May Day 2005
<6>usb0: using pxa27x_udc, OUT Bulk-out-2 IN Bulk-in-1
<6>usb0: MAC 46:86:e0:79:e7:fb
<5>USB cmd connect
<5>USB cmd connect
<6>input: gpio-keys as /class/input/input0
<6>input: pxa-keyboard as /class/input/input1
<6>input: pcap-touchscreen as /class/input/input2
<6>sa1100-rtc sa1100-rtc: rtc core: registered sa1100-rtc as rtc0
<6>Registered led device: a780:main
<6>Registered led device: a780:aux
<6>Registered led device: a780:vibrator
<6>TCP cubic registered
<6>NET: Registered protocol family 1
<6>NET: Registered protocol family 17
<6>XScale iWMMXt coprocessor detected.
<6>sa1100-rtc sa1100-rtc: setting the system clock to 1970-01-01 00:00:16 (16)
<6>mmcblk0: mmc0:bffc SU02G 1985024KiB 
<6>udc: USB reset
<6> mmcblk0:<6>usb 1-3: new full speed USB device using pxa27x-ohci and address 2
<4> p1 p2 p3 < p5 p6 p7 >
<6>udc: USB reset
<3>usb 1-3: device descriptor read/64, error -62
<6>usb0: full speed config #1: 100 mA, Ethernet Gadget, using CDC Ethernet Subset
<3>usb 1-3: device descriptor read/64, error -62
<6>usb 1-3: new full speed USB device using pxa27x-ohci and address 3
<3>usb 1-3: device descriptor read/64, error -62
<4>IP-Config: Complete:
<4>      device=usb0, addr=169.254.1.11, mask=255.255.255.254, gw=169.254.1.10,
<4>     host=ezx, domain=, nis-domain=(none),
<4>     bootserver=169.254.1.10, rootserver=169.254.1.10, rootpath=
<6>kjournald starting.  Commit interval 5 seconds
<4>EXT3-fs warning: maximal mount count reached, running e2fsck is recommended
<6>EXT3 FS on mmcblk0p2, internal journal
<6>EXT3-fs: recovery complete.
<6>EXT3-fs: mounted filesystem with ordered data mode.
<4>VFS: Mounted root (ext3 filesystem).
<6>Freeing init memory: 84K
<3>usb 1-3: device descriptor read/64, error -110
<6>usb 1-3: new full speed USB device using pxa27x-ohci and address 4
<3>usb 1-3: device descriptor read/8, error -62
<4>usb 1-3: config 1 has an invalid interface number: 13 but max is 2
<4>usb 1-3: config 1 has an invalid interface number: 6 but max is 2
<4>usb 1-3: config 1 has an invalid interface number: 7 but max is 2
<4>usb 1-3: config 1 has no interface number 0
<4>usb 1-3: config 1 has no interface number 1
<4>usb 1-3: config 1 has no interface number 2
<6>usb 1-3: configuration #1 chosen from 1 choice
<4>usb_ipc_probe: completed probe!
<6>drivers/char/ts0710_mux_usb.c: usb_ipc_probe: Only two endpoints supported.
<4>usb ipc: probe of 1-3:1.6 failed with error -1
<6>drivers/char/ts0710_mux_usb.c: usb_ipc_probe: Only two endpoints supported.
<4>usb ipc: probe of 1-3:1.7 failed with error -1
<4>Reading max 2048 bytes from ts0710_mux_usb inbuf.
<4>Read 7 bytes.
<4>Reading max 2041 bytes from ts0710_mux_usb inbuf.
<4>Reading max 2048 bytes from ts0710_mux_usb inbuf.
<4>Read 17 bytes.
<4>Reading max 2031 bytes from ts0710_mux_usb inbuf.
<4>Reading max 2048 bytes from ts0710_mux_usb inbuf.
<4>Read 7 bytes.
<4>Reading max 2041 bytes from ts0710_mux_usb inbuf.
<4>Read 32 bytes.
<4>Reading max 2009 bytes from ts0710_mux_usb inbuf.
<4>Read 21 bytes.
<4>Reading max 1988 bytes from ts0710_mux_usb inbuf.
<4>Reading max 2048 bytes from ts0710_mux_usb inbuf.
<4>Reading max 2048 bytes from ts0710_mux_usb inbuf.
<4>Read 17 bytes.
<4>Reading max 2031 bytes from ts0710_mux_usb inbuf.
<4>Reading max 2048 bytes from ts0710_mux_usb inbuf.
<4>Read 7 bytes.
<4>Reading max 2041 bytes from ts0710_mux_usb inbuf.
<4>Read 32 bytes.
<4>Reading max 2009 bytes from ts0710_mux_usb inbuf.
<4>Read 21 bytes.
<4>Reading max 1988 bytes from ts0710_mux_usb inbuf.
<4>Reading max 2048 bytes from ts0710_mux_usb inbuf.
<4>Reading max 2048 bytes from ts0710_mux_usb inbuf.
<4>Read 17 bytes.
<4>Reading max 2031 bytes from ts0710_mux_usb inbuf.
<4>Reading max 2048 bytes from ts0710_mux_usb inbuf.
<4>Read 7 bytes.
<4>Reading max 2041 bytes from ts0710_mux_usb inbuf.
<4>Read 32 bytes.
<4>Reading max 2009 bytes from ts0710_mux_usb inbuf.
<4>Read 21 bytes.
<4>Reading max 1988 bytes from ts0710_mux_usb inbuf.
<4>Reading max 2048 bytes from ts0710_mux_usb inbuf.
<4>Reading max 2048 bytes from ts0710_mux_usb inbuf.
<4>Read 17 bytes.
<4>Reading max 2031 bytes from ts0710_mux_usb inbuf.
<4>Reading max 2048 bytes from ts0710_mux_usb inbuf.
<4>Read 7 bytes.
<4>Reading max 2041 bytes from ts0710_mux_usb inbuf.
<4>Read 32 bytes.
<4>Reading max 2009 bytes from ts0710_mux_usb inbuf.
<4>Read 21 bytes.
<4>Reading max 1988 bytes from ts0710_mux_usb inbuf.
<4>Reading max 2048 bytes from ts0710_mux_usb inbuf.
<4>Reading max 2048 bytes from ts0710_mux_usb inbuf.
<4>Read 17 bytes.
<4>Reading max 2031 bytes from ts0710_mux_usb inbuf.
<4>Reading max 2048 bytes from ts0710_mux_usb inbuf.
<4>Read 7 bytes.
<4>Reading max 2041 bytes from ts0710_mux_usb inbuf.
<4>Read 32 bytes.
<4>Reading max 2009 bytes from ts0710_mux_usb inbuf.
<4>Read 21 bytes.
<4>Reading max 1988 bytes from ts0710_mux_usb inbuf.
<4>Reading max 2048 bytes from ts0710_mux_usb inbuf.
<4>Reading max 2048 bytes from ts0710_mux_usb inbuf.
<4>Read 17 bytes.
<4>Reading max 2031 bytes from ts0710_mux_usb inbuf.
<4>Reading max 2048 bytes from ts0710_mux_usb inbuf.
<4>Read 7 bytes.
<4>Reading max 2041 bytes from ts0710_mux_usb inbuf.
<4>Reading max 2048 bytes from ts0710_mux_usb inbuf.
<4>Read 17 bytes.
<4>Reading max 2031 bytes from ts0710_mux_usb inbuf.
<4>Reading max 2048 bytes from ts0710_mux_usb inbuf.
<4>Read 11 bytes.
<4>Reading max 2037 bytes from ts0710_mux_usb inbuf.
<4>Reading max 2048 bytes from ts0710_mux_usb inbuf.
<4>Read 7 bytes.
<4>Reading max 2041 bytes from ts0710_mux_usb inbuf.
<4>Reading max 2048 bytes from ts0710_mux_usb inbuf.
<4>Read 17 bytes.
<4>Reading max 2031 bytes from ts0710_mux_usb inbuf.
<4>Reading max 2048 bytes from ts0710_mux_usb inbuf.
<4>Read 11 bytes.
<4>Reading max 2037 bytes from ts0710_mux_usb inbuf.
<4>Reading max 2048 bytes from ts0710_mux_usb inbuf.
<4>Read 7 bytes.
<4>Reading max 2041 bytes from ts0710_mux_usb inbuf.
<4>Reading max 2048 bytes from ts0710_mux_usb inbuf.
<4>Read 11 bytes.
<4>Reading max 2037 bytes from ts0710_mux_usb inbuf.
<4>Reading max 2048 bytes from ts0710_mux_usb inbuf.
<4>Read 32 bytes.
<4>Reading max 2016 bytes from ts0710_mux_usb inbuf.
<4>Read 32 bytes.
<4>Reading max 1984 bytes from ts0710_mux_usb inbuf.
<4>Read 32 bytes.
<4>Reading max 1952 bytes from ts0710_mux_usb inbuf.
<4>Read 32 bytes.
<4>Reading max 1920 bytes from ts0710_mux_usb inbuf.
<4>Read 6 bytes.
<4>Reading max 1914 bytes from ts0710_mux_usb inbuf.
<4>Read 32 bytes.
<4>Reading max 1882 bytes from ts0710_mux_usb inbuf.
<4>Read 32 bytes.
<4>Reading max 1850 bytes from ts0710_mux_usb inbuf.
<4>Read 32 bytes.
<4>Reading max 1818 bytes from ts0710_mux_usb inbuf.
<4>Read 32 bytes.
<4>Reading max 1786 bytes from ts0710_mux_usb inbuf.
<4>Read 6 bytes.
<4>Reading max 1780 bytes from ts0710_mux_usb inbuf.
<4>Read 32 bytes.
<4>Reading max 1748 bytes from ts0710_mux_usb inbuf.
<4>Read 32 bytes.
<4>Reading max 1716 bytes from ts0710_mux_usb inbuf.
<4>Read 32 bytes.
<4>Reading max 1684 bytes from ts0710_mux_usb inbuf.
<4>Read 32 bytes.
<4>Reading max 1652 bytes from ts0710_mux_usb inbuf.
<4>Read 6 bytes.
<4>Reading max 1646 bytes from ts0710_mux_usb inbuf.
<4>Reading max 2048 bytes from ts0710_mux_usb inbuf.
<4>Reading max 2048 bytes from ts0710_mux_usb inbuf.
<4>Read 32 bytes.
<4>Reading max 2016 bytes from ts0710_mux_usb inbuf.
<4>Read 32 bytes.
<4>Reading max 1984 bytes from ts0710_mux_usb inbuf.
<4>Read 32 bytes.
<4>Reading max 1952 bytes from ts0710_mux_usb inbuf.
<4>Read 32 bytes.
<4>Reading max 1920 bytes from ts0710_mux_usb inbuf.
<4>Read 32 bytes.
<4>Reading max 1888 bytes from ts0710_mux_usb inbuf.
<4>Read 32 bytes.
<4>Reading max 1856 bytes from ts0710_mux_usb inbuf.
<4>Read 32 bytes.
<4>Reading max 1824 bytes from ts0710_mux_usb inbuf.
<4>Read 32 bytes.
<4>Reading max 1792 bytes from ts0710_mux_usb inbuf.
<4>Read 32 bytes.
<4>Reading max 1760 bytes from ts0710_mux_usb inbuf.
<4>Read 32 bytes.
<4>Reading max 1728 bytes from ts0710_mux_usb inbuf.
<4>Read 32 bytes.
<4>Reading max 1696 bytes from ts0710_mux_usb inbuf.
<4>Read 16 bytes.
<4>Reading max 1680 bytes from ts0710_mux_usb inbuf.
<4>Reading max 2048 bytes from ts0710_mux_usb inbuf.
<4>Reading max 2048 bytes from ts0710_mux_usb inbuf.
<4>Read 32 bytes.
<4>Reading max 2016 bytes from ts0710_mux_usb inbuf.
<4>Read 32 bytes.
<4>Reading max 1984 bytes from ts0710_mux_usb inbuf.
<4>Read 32 bytes.
<4>Reading max 1952 bytes from ts0710_mux_usb inbuf.
<4>Read 32 bytes.
<4>Reading max 1920 bytes from ts0710_mux_usb inbuf.
<4>Read 32 bytes.
<4>Reading max 1888 bytes from ts0710_mux_usb inbuf.
<4>Read 32 bytes.
<4>Reading max 1856 bytes from ts0710_mux_usb inbuf.
<4>Read 32 bytes.
<4>Reading max 1824 bytes from ts0710_mux_usb inbuf.
<4>Read 32 bytes.
<4>Reading max 1792 bytes from ts0710_mux_usb inbuf.
<4>Read 32 bytes.
<4>Reading max 1760 bytes from ts0710_mux_usb inbuf.
<4>Read 32 bytes.
<4>Reading max 1728 bytes from ts0710_mux_usb inbuf.
<4>Read 32 bytes.
<4>Reading max 1696 bytes from ts0710_mux_usb inbuf.
<4>Read 13 bytes.
<4>Reading max 1683 bytes from ts0710_mux_usb inbuf.
<4>Reading max 2048 bytes from ts0710_mux_usb inbuf.
<4>Reading max 2048 bytes from ts0710_mux_usb inbuf.
<4>Read 14 bytes.
<4>Reading max 2034 bytes from ts0710_mux_usb inbuf.
<4>Reading max 2048 bytes from ts0710_mux_usb inbuf.
<4>Read 32 bytes.
<4>Reading max 2016 bytes from ts0710_mux_usb inbuf.
<4>Read 2 bytes.
<4>Reading max 2014 bytes from ts0710_mux_usb inbuf.
<4>Reading max 2048 bytes from ts0710_mux_usb inbuf.
<4>nonzero read bulk status received: -104
